============================= test session starts =============================
platform win32 -- Python 3.14.4, pytest-9.1.1, pluggy-1.6.0 -- C:\Users\ywyuan\AppData\Local\Programs\Python\Python314\python.exe
cachedir: .pytest_cache
rootdir: c:\Users\ywyuan\CodeBuddy\20260722202354\vnet-asr1
plugins: anyio-4.12.0
collecting ... collected 23 items

tests/test_data.py::TestAsrDataset::test_dataset_len PASSED              [  4%]
tests/test_data.py::TestAsrDataset::test_dataset_getitem PASSED          [  8%]
tests/test_data.py::TestAsrDataset::test_collate_fn PASSED               [ 13%]
tests/test_inference.py::TestInferenceModes::test_ctc_produces_text PASSED [ 17%]
tests/test_inference.py::TestInferenceModes::test_attention_produces_tokens PASSED [ 21%]
tests/test_inference.py::TestInferenceModes::test_transducer_produces_tokens PASSED [ 26%]
tests/test_inference.py::TestStreamingInference::test_ctc_streaming PASSED [ 30%]
tests/test_inference.py::TestStreamingInference::test_transducer_streaming PASSED [ 34%]
tests/test_model.py::TestConformerBlock::test_forward_shape PASSED       [ 39%]
tests/test_model.py::TestConformerBlock::test_forward_with_pad_mask PASSED [ 43%]
tests/test_model.py::TestConformerBlock::test_forward_with_attn_mask PASSED [ 47%]
tests/test_model.py::TestConformerBlock::test_grad_flow PASSED           [ 52%]
tests/test_model.py::TestConformerEncoder::test_forward_4x_downsample PASSED [ 56%]
tests/test_model.py::TestConformerEncoder::test_streaming_forward PASSED [ 60%]
tests/test_model.py::TestAttentionDecoder::test_forward PASSED           [ 65%]
tests/test_model.py::TestAttentionDecoder::test_causal_mask PASSED       [ 69%]
tests/test_model.py::TestTransducerDecoder::test_forward PASSED          [ 73%]
tests/test_model.py::TestFullModel::test_model_creation PASSED           [ 78%]
tests/test_model.py::TestFullModel::test_forward_loss PASSED             [ 82%]
tests/test_model.py::TestFullModel::test_ctc_greedy PASSED               [ 86%]
tests/test_model.py::TestFullModel::test_attention_decoding PASSED       [ 91%]
tests/test_model.py::TestFullModel::test_transducer_decoding PASSED      [ 95%]
tests/test_model.py::TestStreamingHelper::test_make_chunk_mask PASSED    [100%]

============================== warnings summary ===============================
tests/test_model.py::TestFullModel::test_forward_loss
  c:\Users\ywyuan\CodeBuddy\20260722202354\vnet-asr1\tests\..\model\conformer_ctc_attn_transducer.py:575: UserWarning: torchaudio.functional.functional._rnnt_loss has been deprecated. This deprecation is part of a large refactoring effort to transition TorchAudio into a maintenance phase. Please see https://github.com/pytorch/audio/issues/3902 for more information. It will be removed from the 2.9 release. 
    transducer_loss = torchaudio.functional.rnnt_loss(

-- Docs: https://docs.pytest.org/en/stable/how-to/capture-warnings.html
======================== 23 passed, 1 warning in 3.74s ========================
